// Jest Snapshot v1, https://goo.gl/fbAQLP

exports[`should render ExpenseList with empty message 1`] = `
<div>
  <p>
    No expenses
  </p>
</div>
`;

exports[`should render ExpenseList with expenses 1`] = `
<div>
  <Connect(ExpenseListItem)
    amount={1500000}
    createdAt={0}
    description="house rent"
    id="1"
    key="1"
    note=""
  />
  <Connect(ExpenseListItem)
    amount={150000}
    createdAt={-345600000}
    description="bike rent"
    id="2"
    key="2"
    note=""
  />
  <Connect(ExpenseListItem)
    amount={10000000}
    createdAt={345600000}
    description="bill payment"
    id="3"
    key="3"
    note="credit card"
  />
</div>
`;
